Archive member included because of file (symbol)

/usr/lib/gcc/avr/4.3.4/avr5/libgcc.a(_exit.o)
                              /usr/lib/gcc/avr/4.3.4/../../../avr/lib/avr5/crtm32u4.o (exit)
/usr/lib/gcc/avr/4.3.4/avr5/libgcc.a(_copy_data.o)
                              blinky.o (__do_copy_data)
/usr/lib/gcc/avr/4.3.4/avr5/libgcc.a(_clear_bss.o)
                              blinky.o (__do_clear_bss)

Discarded input sections

 .data          0x0000000000000000        0x0 /usr/lib/gcc/avr/4.3.4/../../../avr/lib/avr5/crtm32u4.o
 .bss           0x0000000000000000        0x0 /usr/lib/gcc/avr/4.3.4/../../../avr/lib/avr5/crtm32u4.o
 .text          0x0000000000000000        0x0 blinky.o
 .data          0x0000000000000000        0x0 blinky.o
 .bss           0x0000000000000000        0x0 blinky.o
 .text          0x0000000000000000        0x0 usb_debug_only.o
 .data          0x0000000000000000        0x0 usb_debug_only.o
 .text.usb_configured
                0x0000000000000000        0x6 usb_debug_only.o
 .text.usb_debug_flush_output
                0x0000000000000000       0x2e usb_debug_only.o
 .text          0x0000000000000000        0x0 print.o
 .data          0x0000000000000000        0x0 print.o
 .bss           0x0000000000000000        0x0 print.o
 .text.phex1    0x0000000000000000       0x14 print.o
 .text.phex     0x0000000000000000       0x18 print.o
 .text.phex16   0x0000000000000000       0x14 print.o
 .text          0x0000000000000000        0x0 /usr/lib/gcc/avr/4.3.4/avr5/libgcc.a(_exit.o)
 .data          0x0000000000000000        0x0 /usr/lib/gcc/avr/4.3.4/avr5/libgcc.a(_exit.o)
 .bss           0x0000000000000000        0x0 /usr/lib/gcc/avr/4.3.4/avr5/libgcc.a(_exit.o)
 .text.libgcc   0x0000000000000000        0x0 /usr/lib/gcc/avr/4.3.4/avr5/libgcc.a(_exit.o)
 .text          0x0000000000000000        0x0 /usr/lib/gcc/avr/4.3.4/avr5/libgcc.a(_copy_data.o)
 .data          0x0000000000000000        0x0 /usr/lib/gcc/avr/4.3.4/avr5/libgcc.a(_copy_data.o)
 .bss           0x0000000000000000        0x0 /usr/lib/gcc/avr/4.3.4/avr5/libgcc.a(_copy_data.o)
 .text.libgcc   0x0000000000000000        0x0 /usr/lib/gcc/avr/4.3.4/avr5/libgcc.a(_copy_data.o)
 .text          0x0000000000000000        0x0 /usr/lib/gcc/avr/4.3.4/avr5/libgcc.a(_clear_bss.o)
 .data          0x0000000000000000        0x0 /usr/lib/gcc/avr/4.3.4/avr5/libgcc.a(_clear_bss.o)
 .bss           0x0000000000000000        0x0 /usr/lib/gcc/avr/4.3.4/avr5/libgcc.a(_clear_bss.o)
 .text.libgcc   0x0000000000000000        0x0 /usr/lib/gcc/avr/4.3.4/avr5/libgcc.a(_clear_bss.o)

Memory Configuration

Name             Origin             Length             Attributes
text             0x0000000000000000 0x0000000000020000 xr
data             0x0000000000800060 0x000000000000ffa0 rw !x
eeprom           0x0000000000810000 0x0000000000010000 rw !x
fuse             0x0000000000820000 0x0000000000000400 rw !x
lock             0x0000000000830000 0x0000000000000400 rw !x
signature        0x0000000000840000 0x0000000000000400 rw !x
*default*        0x0000000000000000 0xffffffffffffffff

Linker script and memory map

Address of section .data set to 0x800100
LOAD /usr/lib/gcc/avr/4.3.4/../../../avr/lib/avr5/crtm32u4.o
LOAD blinky.o
LOAD usb_debug_only.o
LOAD print.o
LOAD /usr/lib/gcc/avr/4.3.4/../../../avr/lib/avr5/libm.a
LOAD /usr/lib/gcc/avr/4.3.4/avr5/libgcc.a
LOAD /usr/lib/gcc/avr/4.3.4/../../../avr/lib/avr5/libc.a
LOAD /usr/lib/gcc/avr/4.3.4/avr5/libgcc.a

.hash
 *(.hash)

.dynsym
 *(.dynsym)

.dynstr
 *(.dynstr)

.gnu.version
 *(.gnu.version)

.gnu.version_d
 *(.gnu.version_d)

.gnu.version_r
 *(.gnu.version_r)

.rel.init
 *(.rel.init)

.rela.init
 *(.rela.init)

.rel.text
 *(.rel.text)
 *(.rel.text.*)
 *(.rel.gnu.linkonce.t*)

.rela.text
 *(.rela.text)
 *(.rela.text.*)
 *(.rela.gnu.linkonce.t*)

.rel.fini
 *(.rel.fini)

.rela.fini
 *(.rela.fini)

.rel.rodata
 *(.rel.rodata)
 *(.rel.rodata.*)
 *(.rel.gnu.linkonce.r*)

.rela.rodata
 *(.rela.rodata)
 *(.rela.rodata.*)
 *(.rela.gnu.linkonce.r*)

.rel.data
 *(.rel.data)
 *(.rel.data.*)
 *(.rel.gnu.linkonce.d*)

.rela.data
 *(.rela.data)
 *(.rela.data.*)
 *(.rela.gnu.linkonce.d*)

.rel.ctors
 *(.rel.ctors)

.rela.ctors
 *(.rela.ctors)

.rel.dtors
 *(.rel.dtors)

.rela.dtors
 *(.rela.dtors)

.rel.got
 *(.rel.got)

.rela.got
 *(.rela.got)

.rel.bss
 *(.rel.bss)

.rela.bss
 *(.rela.bss)

.rel.plt
 *(.rel.plt)

.rela.plt
 *(.rela.plt)

.text           0x0000000000000000      0x778
 *(.vectors)
 .vectors       0x0000000000000000       0xac /usr/lib/gcc/avr/4.3.4/../../../avr/lib/avr5/crtm32u4.o
                0x0000000000000000                __vectors
                0x0000000000000000                __vector_default
 *(.vectors)
 *(.progmem.gcc*)
 *(.progmem*)
 .progmem.data  0x00000000000000ac       0x7d blinky.o
                0x00000000000000ac                morse_code_table
 .progmem.data  0x0000000000000129       0xbc usb_debug_only.o
                0x00000000000001e6                . = ALIGN (0x2)
 *fill*         0x00000000000001e5        0x1 00
                0x00000000000001e6                __trampolines_start = .
 *(.trampolines)
 .trampolines   0x00000000000001e6        0x0 linker stubs
 *(.trampolines*)
                0x00000000000001e6                __trampolines_end = .
 *(.jumptables)
 *(.jumptables*)
 *(.lowtext)
 *(.lowtext*)
                0x00000000000001e6                __ctors_start = .
 *(.ctors)
                0x00000000000001e6                __ctors_end = .
                0x00000000000001e6                __dtors_start = .
 *(.dtors)
                0x00000000000001e6                __dtors_end = .
 SORT(*)(.ctors)
 SORT(*)(.dtors)
 *(.init0)
 .init0         0x00000000000001e6        0x0 /usr/lib/gcc/avr/4.3.4/../../../avr/lib/avr5/crtm32u4.o
                0x00000000000001e6                __init
 *(.init0)
 *(.init1)
 *(.init1)
 *(.init2)
 .init2         0x00000000000001e6        0xc /usr/lib/gcc/avr/4.3.4/../../../avr/lib/avr5/crtm32u4.o
 *(.init2)
 *(.init3)
 *(.init3)
 *(.init4)
 .init4         0x00000000000001f2       0x16 /usr/lib/gcc/avr/4.3.4/avr5/libgcc.a(_copy_data.o)
                0x00000000000001f2                __do_copy_data
 .init4         0x0000000000000208       0x10 /usr/lib/gcc/avr/4.3.4/avr5/libgcc.a(_clear_bss.o)
                0x0000000000000208                __do_clear_bss
 *(.init4)
 *(.init5)
 *(.init5)
 *(.init6)
 *(.init6)
 *(.init7)
 *(.init7)
 *(.init8)
 *(.init8)
 *(.init9)
 .init9         0x0000000000000218        0x4 /usr/lib/gcc/avr/4.3.4/../../../avr/lib/avr5/crtm32u4.o
 *(.init9)
 *(.text)
 .text          0x000000000000021c        0x2 /usr/lib/gcc/avr/4.3.4/../../../avr/lib/avr5/crtm32u4.o
                0x000000000000021c                __vector_38
                0x000000000000021c                __vector_22
                0x000000000000021c                __vector_28
                0x000000000000021c                __vector_1
                0x000000000000021c                __vector_32
                0x000000000000021c                __vector_34
                0x000000000000021c                __vector_24
                0x000000000000021c                __vector_12
                0x000000000000021c                __bad_interrupt
                0x000000000000021c                __vector_6
                0x000000000000021c                __vector_31
                0x000000000000021c                __vector_35
                0x000000000000021c                __vector_39
                0x000000000000021c                __vector_3
                0x000000000000021c                __vector_23
                0x000000000000021c                __vector_30
                0x000000000000021c                __vector_25
                0x000000000000021c                __vector_13
                0x000000000000021c                __vector_17
                0x000000000000021c                __vector_19
                0x000000000000021c                __vector_7
                0x000000000000021c                __vector_41
                0x000000000000021c                __vector_27
                0x000000000000021c                __vector_5
                0x000000000000021c                __vector_33
                0x000000000000021c                __vector_37
                0x000000000000021c                __vector_4
                0x000000000000021c                __vector_9
                0x000000000000021c                __vector_2
                0x000000000000021c                __vector_21
                0x000000000000021c                __vector_15
                0x000000000000021c                __vector_36
                0x000000000000021c                __vector_29
                0x000000000000021c                __vector_40
                0x000000000000021c                __vector_8
                0x000000000000021c                __vector_26
                0x000000000000021c                __vector_14
                0x000000000000021c                __vector_16
                0x000000000000021c                __vector_18
                0x000000000000021c                __vector_20
                0x000000000000021c                __vector_42
                0x000000000000021e                . = ALIGN (0x2)
 *(.text.*)
 .text.morse_character
                0x000000000000021e       0xce blinky.o
                0x000000000000021e                morse_character
 .text.morse_P  0x00000000000002ec       0x20 blinky.o
                0x00000000000002ec                morse_P
 .text.main     0x000000000000030c       0x50 blinky.o
                0x000000000000030c                main
 .text.usb_init
                0x000000000000035c       0x2e usb_debug_only.o
                0x000000000000035c                usb_init
 .text.usb_debug_putchar
                0x000000000000038a       0x8c usb_debug_only.o
                0x000000000000038a                usb_debug_putchar
 .text.__vector_10
                0x0000000000000416       0x80 usb_debug_only.o
                0x0000000000000416                __vector_10
 .text.__vector_11
                0x0000000000000496      0x2b6 usb_debug_only.o
                0x0000000000000496                __vector_11
 .text.print_P  0x000000000000074c       0x28 print.o
                0x000000000000074c                print_P
                0x0000000000000774                . = ALIGN (0x2)
 *(.fini9)
 .fini9         0x0000000000000774        0x0 /usr/lib/gcc/avr/4.3.4/avr5/libgcc.a(_exit.o)
                0x0000000000000774                exit
                0x0000000000000774                _exit
 *(.fini9)
 *(.fini8)
 *(.fini8)
 *(.fini7)
 *(.fini7)
 *(.fini6)
 *(.fini6)
 *(.fini5)
 *(.fini5)
 *(.fini4)
 *(.fini4)
 *(.fini3)
 *(.fini3)
 *(.fini2)
 *(.fini2)
 *(.fini1)
 *(.fini1)
 *(.fini0)
 .fini0         0x0000000000000774        0x4 /usr/lib/gcc/avr/4.3.4/avr5/libgcc.a(_exit.o)
 *(.fini0)
                0x0000000000000778                _etext = .

.data           0x0000000000800100        0x0 load address 0x0000000000000778
                0x0000000000800100                PROVIDE (__data_start, .)
 *(.data)
 *(.data*)
 *(.rodata)
 *(.rodata*)
 *(.gnu.linkonce.d*)
                0x0000000000800100                . = ALIGN (0x2)
                0x0000000000800100                _edata = .
                0x0000000000800100                PROVIDE (__data_end, .)

.bss            0x0000000000800100        0x3
                0x0000000000800100                PROVIDE (__bss_start, .)
 *(.bss)
 .bss           0x0000000000800100        0x3 usb_debug_only.o
 *(.bss*)
 *(COMMON)
                0x0000000000800103                PROVIDE (__bss_end, .)
                0x0000000000000778                __data_load_start = LOADADDR (.data)
                0x0000000000000778                __data_load_end = (__data_load_start + SIZEOF (.data))

.noinit         0x0000000000800103        0x0
                0x0000000000800103                PROVIDE (__noinit_start, .)
 *(.noinit*)
                0x0000000000800103                PROVIDE (__noinit_end, .)
                0x0000000000800103                _end = .
                0x0000000000800103                PROVIDE (__heap_start, .)

.eeprom         0x0000000000810000        0x0
 *(.eeprom*)
                0x0000000000810000                __eeprom_end = .

.fuse
 *(.fuse)
 *(.lfuse)
 *(.hfuse)
 *(.efuse)

.lock
 *(.lock*)

.signature
 *(.signature*)

.stab           0x0000000000000000      0x6b4
 *(.stab)
 .stab          0x0000000000000000      0x6b4 /usr/lib/gcc/avr/4.3.4/../../../avr/lib/avr5/crtm32u4.o

.stabstr        0x0000000000000000       0x54
 *(.stabstr)
 .stabstr       0x0000000000000000       0x54 /usr/lib/gcc/avr/4.3.4/../../../avr/lib/avr5/crtm32u4.o

.stab.excl
 *(.stab.excl)

.stab.exclstr
 *(.stab.exclstr)

.stab.index
 *(.stab.index)

.stab.indexstr
 *(.stab.indexstr)

.comment
 *(.comment)

.debug
 *(.debug)

.line
 *(.line)

.debug_srcinfo
 *(.debug_srcinfo)

.debug_sfnames
 *(.debug_sfnames)

.debug_aranges  0x0000000000000000       0xb0
 *(.debug_aranges)
 .debug_aranges
                0x0000000000000000       0x30 blinky.o
 .debug_aranges
                0x0000000000000030       0x48 usb_debug_only.o
 .debug_aranges
                0x0000000000000078       0x38 print.o

.debug_pubnames
                0x0000000000000000      0x10f
 *(.debug_pubnames)
 .debug_pubnames
                0x0000000000000000       0x50 blinky.o
 .debug_pubnames
                0x0000000000000050       0x83 usb_debug_only.o
 .debug_pubnames
                0x00000000000000d3       0x3c print.o

.debug_info     0x0000000000000000      0xc86
 *(.debug_info)
 .debug_info    0x0000000000000000      0x537 blinky.o
 .debug_info    0x0000000000000537      0x5f9 usb_debug_only.o
 .debug_info    0x0000000000000b30      0x156 print.o
 *(.gnu.linkonce.wi.*)

.debug_abbrev   0x0000000000000000      0x3c5
 *(.debug_abbrev)
 .debug_abbrev  0x0000000000000000      0x198 blinky.o
 .debug_abbrev  0x0000000000000198      0x190 usb_debug_only.o
 .debug_abbrev  0x0000000000000328       0x9d print.o

.debug_line     0x0000000000000000      0xa3d
 *(.debug_line)
 .debug_line    0x0000000000000000      0x310 blinky.o
 .debug_line    0x0000000000000310      0x5f1 usb_debug_only.o
 .debug_line    0x0000000000000901      0x13c print.o

.debug_frame    0x0000000000000000      0x100
 *(.debug_frame)
 .debug_frame   0x0000000000000000       0x40 blinky.o
 .debug_frame   0x0000000000000040       0x70 usb_debug_only.o
 .debug_frame   0x00000000000000b0       0x50 print.o

.debug_str      0x0000000000000000      0x2f8
 *(.debug_str)
 .debug_str     0x0000000000000000       0xed blinky.o
                                        0x12c (size before relaxing)
 .debug_str     0x00000000000000ed      0x1e9 usb_debug_only.o
                                        0x2bc (size before relaxing)
 .debug_str     0x00000000000002d6       0x22 print.o
                                         0xd2 (size before relaxing)

.debug_loc      0x0000000000000000      0x93f
 *(.debug_loc)
 .debug_loc     0x0000000000000000      0x2ec blinky.o
 .debug_loc     0x00000000000002ec      0x566 usb_debug_only.o
 .debug_loc     0x0000000000000852       0xed print.o

.debug_macinfo
 *(.debug_macinfo)
OUTPUT(blinky.elf elf32-avr)
LOAD linker stubs

.debug_ranges   0x0000000000000000      0x158
 .debug_ranges  0x0000000000000000       0xb8 blinky.o
 .debug_ranges  0x00000000000000b8       0x70 usb_debug_only.o
 .debug_ranges  0x0000000000000128       0x30 print.o

Cross Reference Table

Symbol                                            File
__bad_interrupt                                   /usr/lib/gcc/avr/4.3.4/../../../avr/lib/avr5/crtm32u4.o
__bss_end                                         /usr/lib/gcc/avr/4.3.4/avr5/libgcc.a(_clear_bss.o)
__bss_start                                       /usr/lib/gcc/avr/4.3.4/avr5/libgcc.a(_clear_bss.o)
__data_end                                        /usr/lib/gcc/avr/4.3.4/avr5/libgcc.a(_copy_data.o)
__data_load_start                                 /usr/lib/gcc/avr/4.3.4/avr5/libgcc.a(_copy_data.o)
__data_start                                      /usr/lib/gcc/avr/4.3.4/avr5/libgcc.a(_copy_data.o)
__do_clear_bss                                    /usr/lib/gcc/avr/4.3.4/avr5/libgcc.a(_clear_bss.o)
                                                  print.o
                                                  usb_debug_only.o
                                                  blinky.o
__do_copy_data                                    /usr/lib/gcc/avr/4.3.4/avr5/libgcc.a(_copy_data.o)
                                                  print.o
                                                  usb_debug_only.o
                                                  blinky.o
__heap_end                                        /usr/lib/gcc/avr/4.3.4/../../../avr/lib/avr5/crtm32u4.o
__init                                            /usr/lib/gcc/avr/4.3.4/../../../avr/lib/avr5/crtm32u4.o
__stack                                           /usr/lib/gcc/avr/4.3.4/../../../avr/lib/avr5/crtm32u4.o
__vector_1                                        /usr/lib/gcc/avr/4.3.4/../../../avr/lib/avr5/crtm32u4.o
__vector_10                                       usb_debug_only.o
                                                  /usr/lib/gcc/avr/4.3.4/../../../avr/lib/avr5/crtm32u4.o
__vector_11                                       usb_debug_only.o
                                                  /usr/lib/gcc/avr/4.3.4/../../../avr/lib/avr5/crtm32u4.o
__vector_12                                       /usr/lib/gcc/avr/4.3.4/../../../avr/lib/avr5/crtm32u4.o
__vector_13                                       /usr/lib/gcc/avr/4.3.4/../../../avr/lib/avr5/crtm32u4.o
__vector_14                                       /usr/lib/gcc/avr/4.3.4/../../../avr/lib/avr5/crtm32u4.o
__vector_15                                       /usr/lib/gcc/avr/4.3.4/../../../avr/lib/avr5/crtm32u4.o
__vector_16                                       /usr/lib/gcc/avr/4.3.4/../../../avr/lib/avr5/crtm32u4.o
__vector_17                                       /usr/lib/gcc/avr/4.3.4/../../../avr/lib/avr5/crtm32u4.o
__vector_18                                       /usr/lib/gcc/avr/4.3.4/../../../avr/lib/avr5/crtm32u4.o
__vector_19                                       /usr/lib/gcc/avr/4.3.4/../../../avr/lib/avr5/crtm32u4.o
__vector_2                                        /usr/lib/gcc/avr/4.3.4/../../../avr/lib/avr5/crtm32u4.o
__vector_20                                       /usr/lib/gcc/avr/4.3.4/../../../avr/lib/avr5/crtm32u4.o
__vector_21                                       /usr/lib/gcc/avr/4.3.4/../../../avr/lib/avr5/crtm32u4.o
__vector_22                                       /usr/lib/gcc/avr/4.3.4/../../../avr/lib/avr5/crtm32u4.o
__vector_23                                       /usr/lib/gcc/avr/4.3.4/../../../avr/lib/avr5/crtm32u4.o
__vector_24                                       /usr/lib/gcc/avr/4.3.4/../../../avr/lib/avr5/crtm32u4.o
__vector_25                                       /usr/lib/gcc/avr/4.3.4/../../../avr/lib/avr5/crtm32u4.o
__vector_26                                       /usr/lib/gcc/avr/4.3.4/../../../avr/lib/avr5/crtm32u4.o
__vector_27                                       /usr/lib/gcc/avr/4.3.4/../../../avr/lib/avr5/crtm32u4.o
__vector_28                                       /usr/lib/gcc/avr/4.3.4/../../../avr/lib/avr5/crtm32u4.o
__vector_29                                       /usr/lib/gcc/avr/4.3.4/../../../avr/lib/avr5/crtm32u4.o
__vector_3                                        /usr/lib/gcc/avr/4.3.4/../../../avr/lib/avr5/crtm32u4.o
__vector_30                                       /usr/lib/gcc/avr/4.3.4/../../../avr/lib/avr5/crtm32u4.o
__vector_31                                       /usr/lib/gcc/avr/4.3.4/../../../avr/lib/avr5/crtm32u4.o
__vector_32                                       /usr/lib/gcc/avr/4.3.4/../../../avr/lib/avr5/crtm32u4.o
__vector_33                                       /usr/lib/gcc/avr/4.3.4/../../../avr/lib/avr5/crtm32u4.o
__vector_34                                       /usr/lib/gcc/avr/4.3.4/../../../avr/lib/avr5/crtm32u4.o
__vector_35                                       /usr/lib/gcc/avr/4.3.4/../../../avr/lib/avr5/crtm32u4.o
__vector_36                                       /usr/lib/gcc/avr/4.3.4/../../../avr/lib/avr5/crtm32u4.o
__vector_37                                       /usr/lib/gcc/avr/4.3.4/../../../avr/lib/avr5/crtm32u4.o
__vector_38                                       /usr/lib/gcc/avr/4.3.4/../../../avr/lib/avr5/crtm32u4.o
__vector_39                                       /usr/lib/gcc/avr/4.3.4/../../../avr/lib/avr5/crtm32u4.o
__vector_4                                        /usr/lib/gcc/avr/4.3.4/../../../avr/lib/avr5/crtm32u4.o
__vector_40                                       /usr/lib/gcc/avr/4.3.4/../../../avr/lib/avr5/crtm32u4.o
__vector_41                                       /usr/lib/gcc/avr/4.3.4/../../../avr/lib/avr5/crtm32u4.o
__vector_42                                       /usr/lib/gcc/avr/4.3.4/../../../avr/lib/avr5/crtm32u4.o
__vector_5                                        /usr/lib/gcc/avr/4.3.4/../../../avr/lib/avr5/crtm32u4.o
__vector_6                                        /usr/lib/gcc/avr/4.3.4/../../../avr/lib/avr5/crtm32u4.o
__vector_7                                        /usr/lib/gcc/avr/4.3.4/../../../avr/lib/avr5/crtm32u4.o
__vector_8                                        /usr/lib/gcc/avr/4.3.4/../../../avr/lib/avr5/crtm32u4.o
__vector_9                                        /usr/lib/gcc/avr/4.3.4/../../../avr/lib/avr5/crtm32u4.o
__vector_default                                  /usr/lib/gcc/avr/4.3.4/../../../avr/lib/avr5/crtm32u4.o
__vectors                                         /usr/lib/gcc/avr/4.3.4/../../../avr/lib/avr5/crtm32u4.o
_exit                                             /usr/lib/gcc/avr/4.3.4/avr5/libgcc.a(_exit.o)
exit                                              /usr/lib/gcc/avr/4.3.4/avr5/libgcc.a(_exit.o)
                                                  /usr/lib/gcc/avr/4.3.4/../../../avr/lib/avr5/crtm32u4.o
main                                              blinky.o
                                                  /usr/lib/gcc/avr/4.3.4/../../../avr/lib/avr5/crtm32u4.o
morse_P                                           blinky.o
morse_character                                   blinky.o
morse_code_table                                  blinky.o
phex                                              print.o
phex1                                             print.o
phex16                                            print.o
print_P                                           print.o
                                                  blinky.o
usb_configured                                    usb_debug_only.o
usb_debug_flush_output                            usb_debug_only.o
usb_debug_putchar                                 usb_debug_only.o
                                                  print.o
                                                  blinky.o
usb_init                                          usb_debug_only.o
                                                  blinky.o
